    Finished `test` profile [unoptimized + debuginfo] target(s) in 3.09s
test result: ok. 1 passed; 0 failed; 0 ignored; 0 measured; 143 filtered out; finished in 0.02s
test result: ok. 1 passed; 0 failed; 0 ignored; 0 measured; 143 filtered out; finished in 0.03s
Ran 1 test in 0.371s
OK
    Finished `test` profile [unoptimized + debuginfo] target(s) in 2.84s
test result: ok. 1 passed; 0 failed; 0 ignored; 0 measured; 2 filtered out; finished in 1.31s
test result: ok. 7 passed; 0 failed; 0 ignored; 0 measured; 0 filtered out; finished in 0.01s
test result: ok. 1 passed; 0 failed; 0 ignored; 0 measured; 110 filtered out; finished in 6.42s
skipping: this regression exercises an unprivileged launcher
test result: ok. 7 passed; 0 failed; 0 ignored; 0 measured; 18 filtered out; finished in 5.16s
    Finished `test` profile [unoptimized + debuginfo] target(s) in 0.07s
    Finished `dev` profile [unoptimized + debuginfo] target(s) in 0.07s
test result: ok. 1 passed; 0 failed; 0 ignored; 0 measured; 338 filtered out; finished in 0.05s
    Finished `test` profile [unoptimized + debuginfo] target(s) in 0.08s
    Finished `dev` profile [unoptimized + debuginfo] target(s) in 0.07s
test result: ok. 3 passed; 0 failed; 0 ignored; 0 measured; 336 filtered out; finished in 0.07s
    Finished `test` profile [unoptimized + debuginfo] target(s) in 0.07s
test result: ok. 1 passed; 0 failed; 0 ignored; 0 measured; 110 filtered out; finished in 6.43s
    Finished `dev` profile [unoptimized + debuginfo] target(s) in 0.09s
    Finished `test` profile [unoptimized + debuginfo] target(s) in 0.07s
test result: ok. 1 passed; 0 failed; 0 ignored; 0 measured; 338 filtered out; finished in 7.14s
    Finished `test` profile [unoptimized + debuginfo] target(s) in 0.53s
test result: ok. 2 passed; 0 failed; 0 ignored; 0 measured; 16 filtered out; finished in 0.03s
    Finished `test` profile [unoptimized + debuginfo] target(s) in 0.05s
test result: ok. 7 passed; 0 failed; 0 ignored; 0 measured; 0 filtered out; finished in 0.01s
