test result: ok. 1 passed; 0 failed; 0 ignored; 0 measured; 338 filtered out; finished in 7.53s
test result: ok. 1 passed; 0 failed; 0 ignored; 0 measured; 338 filtered out; finished in 28.19s
test result: ok. 1 passed; 0 failed; 0 ignored; 0 measured; 338 filtered out; finished in 55.18s
test result: ok. 1 passed; 0 failed; 0 ignored; 0 measured; 338 filtered out; finished in 20.68s
test result: ok. 1 passed; 0 failed; 0 ignored; 0 measured; 338 filtered out; finished in 18.17s
test result: ok. 1 passed; 0 failed; 0 ignored; 0 measured; 338 filtered out; finished in 3.80s
test result: ok. 1 passed; 0 failed; 0 ignored; 0 measured; 338 filtered out; finished in 0.88s
test result: ok. 1 passed; 0 failed; 0 ignored; 0 measured; 338 filtered out; finished in 0.85s
test result: ok. 1 passed; 0 failed; 0 ignored; 0 measured; 338 filtered out; finished in 0.70s
test result: ok. 1 passed; 0 failed; 0 ignored; 0 measured; 338 filtered out; finished in 17.52s
test result: ok. 1 passed; 0 failed; 0 ignored; 0 measured; 338 filtered out; finished in 3.82s
test result: ok. 1 passed; 0 failed; 0 ignored; 0 measured; 338 filtered out; finished in 0.79s
test result: ok. 1 passed; 0 failed; 0 ignored; 0 measured; 338 filtered out; finished in 0.77s
test result: ok. 1 passed; 0 failed; 0 ignored; 0 measured; 338 filtered out; finished in 0.95s
test result: ok. 1 passed; 0 failed; 0 ignored; 0 measured; 338 filtered out; finished in 0.92s
test result: ok. 3 passed; 0 failed; 0 ignored; 0 measured; 336 filtered out; finished in 59.69s
test result: ok. 1 passed; 0 failed; 0 ignored; 0 measured; 338 filtered out; finished in 15.73s
test result: ok. 1 passed; 0 failed; 0 ignored; 0 measured; 338 filtered out; finished in 5.45s
batch1 wall_seconds=228.857
test result: ok. 1 passed; 0 failed; 0 ignored; 0 measured; 338 filtered out; finished in 85.56s
Activated daemon scenario elapsed: 85.591 seconds
test result: ok. 1 passed; 0 failed; 0 ignored; 0 measured; 338 filtered out; finished in 46.15s
Activated daemon scenario elapsed: 46.176 seconds
test result: ok. 1 passed; 0 failed; 0 ignored; 0 measured; 338 filtered out; finished in 42.73s
Activated daemon scenario elapsed: 42.745 seconds
test result: ok. 1 passed; 0 failed; 0 ignored; 0 measured; 338 filtered out; finished in 43.78s
Ran 2 tests in 2.977s
OK
batch2 wall_seconds=221.920
test result: ok. 1 passed; 0 failed; 0 ignored; 0 measured; 338 filtered out; finished in 31.18s
Cold resume scenario elapsed: 31.202 seconds
test result: ok. 1 passed; 0 failed; 0 ignored; 0 measured; 338 filtered out; finished in 30.53s
Cold resume scenario elapsed: 30.549 seconds
test result: ok. 1 passed; 0 failed; 0 ignored; 0 measured; 338 filtered out; finished in 28.49s
Cold resume scenario elapsed: 28.502 seconds
test result: ok. 1 passed; 0 failed; 0 ignored; 0 measured; 338 filtered out; finished in 30.43s
Cold resume scenario elapsed: 30.447 seconds
test result: ok. 1 passed; 0 failed; 0 ignored; 0 measured; 338 filtered out; finished in 64.82s
test result: ok. 1 passed; 0 failed; 0 ignored; 0 measured; 338 filtered out; finished in 2.31s
test result: ok. 1 passed; 0 failed; 0 ignored; 0 measured; 338 filtered out; finished in 0.00s
test result: ok. 1 passed; 0 failed; 0 ignored; 0 measured; 338 filtered out; finished in 0.00s
test result: ok. 1 passed; 0 failed; 0 ignored; 0 measured; 338 filtered out; finished in 66.86s
test result: ok. 1 passed; 0 failed; 0 ignored; 0 measured; 338 filtered out; finished in 41.20s
batch3 wall_seconds=294.178
