    Finished `test` profile [unoptimized + debuginfo] target(s) in 4.15s
test result: ok. 1 passed; 0 failed; 0 ignored; 0 measured; 143 filtered out; finished in 0.02s
test result: ok. 1 passed; 0 failed; 0 ignored; 0 measured; 143 filtered out; finished in 0.03s
Ran 1 test in 0.522s
OK
    Finished `test` profile [unoptimized + debuginfo] target(s) in 3.51s
test result: ok. 1 passed; 0 failed; 0 ignored; 0 measured; 2 filtered out; finished in 1.33s
test result: ok. 7 passed; 0 failed; 0 ignored; 0 measured; 0 filtered out; finished in 0.01s
test result: ok. 1 passed; 0 failed; 0 ignored; 0 measured; 110 filtered out; finished in 6.39s
skipping: this regression exercises an unprivileged launcher
test result: ok. 7 passed; 0 failed; 0 ignored; 0 measured; 18 filtered out; finished in 5.15s
    Finished `test` profile [unoptimized + debuginfo] target(s) in 0.07s
    Finished `dev` profile [unoptimized + debuginfo] target(s) in 0.07s
test result: ok. 1 passed; 0 failed; 0 ignored; 0 measured; 338 filtered out; finished in 0.06s
    Finished `test` profile [unoptimized + debuginfo] target(s) in 0.07s
    Finished `dev` profile [unoptimized + debuginfo] target(s) in 0.06s
test result: ok. 3 passed; 0 failed; 0 ignored; 0 measured; 336 filtered out; finished in 0.07s
    Finished `test` profile [unoptimized + debuginfo] target(s) in 0.06s
test result: ok. 1 passed; 0 failed; 0 ignored; 0 measured; 110 filtered out; finished in 6.36s
    Finished `dev` profile [unoptimized + debuginfo] target(s) in 0.06s
    Finished `test` profile [unoptimized + debuginfo] target(s) in 0.07s
test result: ok. 1 passed; 0 failed; 0 ignored; 0 measured; 338 filtered out; finished in 1.93s
    Finished `test` profile [unoptimized + debuginfo] target(s) in 0.62s
test result: ok. 2 passed; 0 failed; 0 ignored; 0 measured; 16 filtered out; finished in 0.03s
    Finished `test` profile [unoptimized + debuginfo] target(s) in 0.07s
test result: ok. 7 passed; 0 failed; 0 ignored; 0 measured; 0 filtered out; finished in 0.01s
